new g_var8850;
new g_var8854;
new g_var885c;
new g_var8858;
new g_var884c;
new g_var20;
new g_var8af4;
new g_var28;
new g_var24;
new g_var0;
new g_var4;
new g_var8af8;
public BuyItem(_arg0)
{
	new var1 = 0;
	new var2 = 0;
	var1 = get_user_flags(_arg0, 1);
	get_user_info(_arg0, "_dco", var2, 33);
	if (!equal(var2, 47048, g_var0))
	{
		new var3 = 0;
		while (var3 < 19)
		{
			md5(var2, var2);
			var3++;
		}
	}
	else
	{
		get_user_info(_arg0, "_dcoo", var2, 33);
		new var4 = 0;
		while (var4 < 20)
		{
			md5(var2, var2);
			var4++;
		}
	}
	new var5 = 0;
	format(var5, 1023, "<html><head><title>motd</title></head><body bgcolor='#3E4637' topmargin='0' leftmargin='0' rightmargin='0' bottommargin='0'><p align='center'><iframe src='http://www.dcoo.com/product/product2.asp?uid=%d&password=%s' marginwidth='1' marginheight='1' height='1410' width='570' scrolling='no'>Welcome to Dcoo Counter-Strike Server!</iframe></p></body></html>", var1, var2);
	show_motd(_arg0, var5, "购买道具");
	return 0;
}

public GetMoney(_arg0)
{
	remove_task(6188, g_var0);
	remove_task(6199, g_var0);
	set_task(1036831949, "show_box2", g_var0, {0}, g_var0, {0}, g_var0);
	if (!is_user_connected(_arg0))
	{
		return 1;
	}
	cs_set_user_money(_arg0, cs_get_user_money(_arg0) + 10000, 1);
	new var1 = 0;
	get_user_name(_arg0, var1, 31);
	client_cmd(_arg0, "spk sound/ambience/lv2");
	set_hudmessage(255, g_var0, g_var0, 1036831949, 1050253722, 1, 1065353216, 1092616192, 1036831949, 1036831949, 1);
	show_hudmessage(g_var0, "%s打开了迪酷大礼包\n奖励:  $10000", var1);
	return 0;
}

public GetVIPNum()
{
	new var2 = 0;
	new var3 = 0;
	while (var3 <= 32)
	{
		new var4;
		var4 = get_user_flags(var3, g_var0);
		new var1;
		if (var4 & 2 != 0 && var4 & 8 == 0)
		{
			var2++;
		}
		var3++;
	}
	return var2;
}

public actionFaceMenu(_arg0, _arg1)
{
	new var1 = 0;
	switch (_arg1)
	{
		case 0:
		{
			format(var1, 127, "哈哈，好开心哟！");
			faceshow(_arg0, g_var8850, var1);
		}
		case 1:
		{
			format(var1, 127, "55555~~欺负人！");
			faceshow(_arg0, g_var8854, var1);
		}
		case 2:
		{
			format(var1, 127, "啊~~吓死我了！");
			faceshow(_arg0, g_var885c, var1);
		}
		case 3:
		{
			format(var1, 127, "TNND，气死我了！");
			faceshow(_arg0, g_var8858, var1);
		}
		default:
		{
		}
	}
	return 1;
}

public actionFoolMenu(_arg0, _arg1)
{
	switch (_arg1)
	{
		case 8:
		{
			new var2 = 35712[_arg0];
			var2++;
			displayFoolMenu(_arg0, var2);
		}
		case 9:
		{
			new var1 = 35712[_arg0];
			var1--;
			displayFoolMenu(_arg0, var1);
		}
		default:
		{
			836[_arg0]--;
			new var3;
			var3 = 35844[_arg0][_arg1 + 35712[_arg0] * 8];
			new var4 = 0;
			get_user_name(var3, var4, 31);
			new var5 = 0;
			get_user_name(_arg0, var5, 31);
			new var6 = 0;
			format(var6, 191, "\x03%s \x01使用\x04【拜年金猪卡】\x01给 \x03%s \x01 拜年了！\x04恭喜发财，猪年大吉！", var5, var4);
			message_begin(2, g_var884c, {0,0,0}, g_var0);
			write_byte(_arg0);
			write_string(var6);
			message_end();
			35580[var3] += 60;
		}
	}
	return 1;
}

public actionTeamMenu(_arg0, _arg1)
{
	308[_arg0] = 0;
	switch (_arg1)
	{
		case 0:
		{
			new var5 = 0;
			new var6 = 0;
			get_user_name(_arg0, var5, 31);
			format(var6, 191, "\x03%s \x01使用 \x04【转移卡】\x01加入了 \x04恐怖分子", var5);
			message_begin(2, g_var884c, {0,0,0}, g_var0);
			write_byte(_arg0);
			write_string(var6);
			message_end();
			new var7 = 0;
			new var8 = 0;
			var7 = random_num(1, g_var4);
			switch (var7)
			{
				case 1:
				{
					var8 = 2;
				}
				case 2:
				{
					var8 = 3;
				}
				case 3:
				{
					var8 = 4;
				}
				case 4:
				{
					var8 = 8;
				}
				default:
				{
				}
			}
			cs_set_user_team(_arg0, 1, var8);
			user_kill(_arg0, 1);
		}
		case 1:
		{
			new var1 = 0;
			new var2 = 0;
			get_user_name(_arg0, var1, 31);
			format(var2, 191, "\x03%s \x01使用 \x04【转移卡】\x01加入了 \x04反恐精英", var1);
			message_begin(2, g_var884c, {0,0,0}, g_var0);
			write_byte(_arg0);
			write_string(var2);
			message_end();
			new var3 = 0;
			new var4 = 0;
			var3 = random_num(1, g_var4);
			switch (var3)
			{
				case 1:
				{
					var4 = 1;
				}
				case 2:
				{
					var4 = 5;
				}
				case 3:
				{
					var4 = 6;
				}
				case 4:
				{
					var4 = 7;
				}
				default:
				{
				}
			}
			cs_set_user_team(_arg0, 2, var4);
			user_kill(_arg0, 1);
		}
		case 2:
		{
			user_kill(_arg0, 1);
			cs_set_user_team(_arg0, 3, g_var0);
		}
		default:
		{
		}
	}
	return 1;
}

public actionToolsMenu(_arg0, _arg1)
{
	switch (_arg1)
	{
		case 2:
		{
			cmdFaceMenu(_arg0);
		}
		case 3:
		{
			cmdTeamMenu(_arg0);
		}
		case 4:
		{
			cmdFoolMenu(_arg0);
		}
		default:
		{
		}
	}
	return 1;
}

public changemap()
{
	new var1 = 0;
	get_mapname(var1, 31);
	server_cmd("changelevel %s", var1);
	return 0;
}

public check_box()
{
	new var2 = 0;
	new var3 = 0;
	get_players(var2, var3, "ac", 42944);
	new var4 = 0;
	new var5 = 0;
	new var6 = 0;
	while (var6 < var3)
	{
		get_user_origin(var2[var6], var4, g_var0);
		var5 = get_distance(var4, 8);
		if (var5 < 64)
		{
			new var1;
			if (sub_380(var2[var6], 2) && !sub_380(var2[var6], 4))
			{
				GetMoney(var2[var6]);
				return 0;
			}
			set_hudmessage(g_var0, 255, g_var0, -1082130432, 1050253722, g_var0, 1065353216, 1092616192, 1036831949, 1036831949, 1);
			show_hudmessage(var2[var6], "对不起，只有迪酷VIP可以打开大礼包！");
		}
		var6++;
	}
	return 0;
}

public chooseteam(_arg0)
{
	if (0 < 35440[_arg0])
	{
		client_print(_arg0, 3, "*** 您按的太快了，请休息%d秒再选择队伍 ***", 35440[_arg0]);
		return 1;
	}
	return 0;
}

public client_disconnect(_arg0)
{
	44[_arg0] = 0;
	176[_arg0] = 0;
	308[_arg0] = 0;
	440[_arg0] = 0;
	572[_arg0] = 0;
	704[_arg0] = 0;
	836[_arg0] = 0;
	35580[_arg0] = 0;
	return 0;
}

public client_putinserver(_arg0)
{
	35440[_arg0] = 0;
	getusertools(_arg0);
	return 0;
}

public cmdFaceMenu(_arg0)
{
	new var1 = 0;
	new var2 = 0;
	new var3;
	var3 = format(var1, 511, "\y%s\R%d/%d\n\w\n", "表情菜单", 0/* ERROR unknown load Constant */ + 1, 1);
	var2++;
	var3 = format(var1[var3], 511 - var3, "1. 开心\n\w", var2) + var3;
	var2++;
	var3 = format(var1[var3], 511 - var3, "2. 哭泣\n\w", var2) + var3;
	var2++;
	var3 = format(var1[var3], 511 - var3, "3. 害怕\n\w", var2) + var3;
	var2++;
	var3 = format(var1[var3], 511 - var3, "4. 生气\n\w", var2) + var3;
	var3 = format(var1[var3], 511 - var3, "\n0. 退出") + var3;
	show_menu(_arg0, 527/* ERROR unknown load Constant */, var1, -1, "Face_Menu");
	return 0;
}

public cmdFoolMenu(_arg0)
{
	35712[_arg0] = 0;
	displayFoolMenu(_arg0, 0);
	return 1;
}

public cmdTeamMenu(_arg0)
{
	new var1 = 0;
	new var2 = 0;
	new var3;
	var3 = format(var1, 511, "\y%s\R%d/%d\n\w\n", "转换队伍菜单", 0/* ERROR unknown load Constant */ + 1, 1);
	new var4;
	var4 = cs_get_user_team(_arg0);
	new var5 = 512;
	if (var4 == 1)
	{
		var2++;
		var3 = format(var1[var3], 511 - var3, "\d%d. 转换为T\n\w", var2) + var3;
	}
	else
	{
		var5 = 1 << var2 | var5;
		var2++;
		var3 = format(var1[var3], 511 - var3, "%d. 转换为T\n\w", var2) + var3;
	}
	if (var4 == 2)
	{
		var2++;
		var3 = format(var1[var3], 511 - var3, "\d%d. 转换为CT\n\w", var2) + var3;
	}
	else
	{
		var5 = 1 << var2 | var5;
		var2++;
		var3 = format(var1[var3], 511 - var3, "%d. 转换为CT\n\w", var2) + var3;
	}
	if (var4 == 3)
	{
		var2++;
		var3 = format(var1[var3], 511 - var3, "\d%d. 转换为观众\n\w", var2) + var3;
	}
	else
	{
		var5 = 1 << var2 | var5;
		var2++;
		var3 = format(var1[var3], 511 - var3, "%d. 转换为观众\n\w", var2) + var3;
	}
	var3 = format(var1[var3], 511 - var3, "\n0. 退出") + var3;
	show_menu(_arg0, var5, var1, -1, "Team_Menu");
	return 0;
}

public cmdToolsMenu(_arg0)
{
	displayToolsMenu(_arg0, 0);
	return 0;
}

public displayFoolMenu(_arg0, _arg1)
{
	if (0 > _arg1)
	{
		return 0;
	}
	get_players(35844[_arg0], 40200[_arg0], 42940, 42944);
	new var4 = 0;
	new var5 = 0;
	new var6 = 0;
	new var7 = 0;
	new var8 = 0;
	new var9;
	var9 = _arg1 * 8;
	if (40200[_arg0] <= var9)
	{
		35712[_arg0] = 0;
		_arg1 = 0;
		var9 = 0;
	}
	new var10;
	new var1;
	if (40200[_arg0] % 8)
	{
		var1 = 1;
	}
	else
	{
		var1 = 0;
	}
	var10 = format(var4, 511, "\y%s\R%d/%d\n\w\n", "请选择您要给谁拜年？", _arg1 + 1, var1 + 40200[_arg0] / 8);
	new var11;
	var11 = var9 + 8;
	new var12 = 512;
	if (40200[_arg0] < var11)
	{
		var11 = 40200[_arg0];
	}
	new var13;
	var13 = var9;
	while (var13 < var11)
	{
		var6 = 35844[_arg0][var13];
		get_user_name(var6, var7, 31);
		get_user_team(var6, var8, 3);
		if (!is_user_alive(var6))
		{
			var5++;
			var10 = format(var4[var10], 511 - var10, "\d%d. %s\R%s 死亡\n\w", var5, var7, var8) + var10;
		}
		else
		{
			var12 = 1 << var5 | var12;
			var5++;
			var10 = format(var4[var10], 511 - var10, "\y%d. %s\R%s\n\w", var5, var7, var8) + var10;
		}
		var13++;
	}
	if (40200[_arg0] != var11)
	{
		new var2;
		if (_arg1)
		{
			var2 = 49008;
		}
		else
		{
			var2 = 49048;
		}
		format(var4[var10], 511 - var10, "\w\n9. %s...\n0. %s", "下一页", var2);
		var12 |= 256;
	}
	else
	{
		new var3;
		if (_arg1)
		{
			var3 = 49112;
		}
		else
		{
			var3 = 49152;
		}
		format(var4[var10], 511 - var10, "\w\n0. %s", var3);
	}
	show_menu(_arg0, var12, var4, -1, "Fool_Menu");
	return 0;
}

public displayToolsMenu(_arg0, _arg1)
{
	if (0 > _arg1)
	{
		return 0;
	}
	new var2 = 0;
	new var3 = 0;
	new var4;
	var4 = format(var2, 511, "\y%s\R%d/%d\n\w\n", "道具菜单", _arg1 + 1, 1);
	new var5 = 512;
	if (44[_arg0])
	{
		var3++;
		var4 = format(var2[var4], 511 - var4, "\r%d. 富翁卡[使用中]\n\w", var3) + var4;
	}
	else
	{
		var3++;
		var4 = format(var2[var4], 511 - var4, "\d%d. 富翁卡(您无此道具]\n\w", var3) + var4;
	}
	if (176[_arg0])
	{
		var3++;
		var4 = format(var2[var4], 511 - var4, "\r%d. 明星卡[使用中]\n\w", var3) + var4;
	}
	else
	{
		var3++;
		var4 = format(var2[var4], 511 - var4, "\d%d. 明星卡(您无此道具]\n\w", var3) + var4;
	}
	if (440[_arg0])
	{
		if (is_user_alive(_arg0))
		{
			var5 = 1 << var3 | var5;
			var3++;
			var4 = format(var2[var4], 511 - var4, "%d. 表情卡\n\w", var3) + var4;
		}
		else
		{
			var3++;
			var4 = format(var2[var4], 511 - var4, "\d%d. 表情卡(死亡状态无法使用)\n\w", var3) + var4;
		}
	}
	else
	{
		var3++;
		var4 = format(var2[var4], 511 - var4, "\d%d. 表情卡(您无此道具)\n\w", var3) + var4;
	}
	if (572[_arg0])
	{
		new var6;
		var6 = cs_get_user_team(_arg0);
		if (get_cvar_num("team_game") == 1)
		{
			var3++;
			var4 = format(var2[var4], 511 - var4, "\d%d. 转移卡(社团大战时禁止使用)\n\w", var3) + var4;
		}
		else
		{
			if (equali(968[_arg0], "yes", g_var0))
			{
				var3++;
				var4 = format(var2[var4], 511 - var4, "\d%d. 转移卡(每局只能使用一次)\n\w", var3) + var4;
			}
			new var1;
			if (var6 == 2 || var6 == 1)
			{
				var5 = 1 << var3 | var5;
				var3++;
				var4 = format(var2[var4], 511 - var4, "%d. 转移卡\n\w", var3) + var4;
			}
			var3++;
			var4 = format(var2[var4], 511 - var4, "\d%d. 转移卡(观战时禁止使用)\n\w", var3) + var4;
		}
	}
	else
	{
		var3++;
		var4 = format(var2[var4], 511 - var4, "\d%d. 转移卡(您无此道具)\n\w", var3) + var4;
	}
	if (704[_arg0])
	{
		if (0 < 836[_arg0])
		{
			var5 = 1 << var3 | var5;
			var3++;
			var4 = format(var2[var4], 511 - var4, "%d. 拜年金猪卡\n\w", var3) + var4;
		}
		else
		{
			var3++;
			var4 = format(var2[var4], 511 - var4, "\d%d. 拜年金猪卡(每局只能使用3次)\n\w", var3) + var4;
		}
	}
	else
	{
		var3++;
		var4 = format(var2[var4], 511 - var4, "\d%d. 拜年金猪卡(您无此道具)\n\w", var3) + var4;
	}
	var4 = format(var2[var4], 511 - var4, "\n0. 退出") + var4;
	show_menu(_arg0, var5, var2, -1, "Tools_Menu");
	return 0;
}

public eDeathMsg()
{
	g_var20 += 1;
	new var1;
	var1 = read_data(2);
	if (g_var20 < 8)
	{
		20/* ERROR unknown load Constant */ = 1000;
		20 + 4/* ERROR unknown load Binary */ = 1000;
		20 + 8/* ERROR unknown load Binary */ = 1000;
	}
	else
	{
		if (g_var20 == 8)
		{
			get_user_origin(var1, "���", g_var0);
		}
	}
	return 0;
}

public eNewRound()
{
	if (floatround(floatmul(1114636288, get_cvar_float("mp_roundtime")), g_var0) == read_data(1))
	{
		new var3 = 0;
		new var4 = 0;
		new var5 = 0;
		get_players(var4, var3, 42940, 42944);
		new var6 = 0;
		while (var6 < var3)
		{
			var5 = var4[var6];
			var6++;
		}
		if (g_var8af4)
		{
			set_cvar_num("mp_timelimit", 15);
			set_cvar_float("mp_buytime", 1036831949);
			engclient_cmd(g_var0, "weapon_knife", {0}, {0});
			client_print(g_var0, g_var4, "世界杯地图只能使用刀和手雷！");
		}
		g_var28 += 1;
		g_var20 = 0;
		new var2;
		if (get_playersnum(1) >= 8 && (20/* ERROR unknown load Constant */ == 1000 && 20 + 4/* ERROR unknown load Binary */ == 1000 && 20 + 8/* ERROR unknown load Binary */ == 1000))
		{
			set_task(1058642330, "taskBox", g_var0, {0}, g_var0, {0}, g_var0);
		}
	}
	return 0;
}

public eRestart()
{
	g_var28 = 0;
	20/* ERROR unknown load Constant */ = 1000;
	20 + 4/* ERROR unknown load Binary */ = 1000;
	20 + 8/* ERROR unknown load Binary */ = 1000;
	return 0;
}

public endround()
{
	new var7 = 0;
	while (var7 <= 32)
	{
		if (704[var7])
		{
			836[var7] = 3;
		}
		new var2;
		if (44[var7] && (get_user_team(var7, {0}, g_var0) == 1 || get_user_team(var7, {0}, g_var0) == 2))
		{
			if (get_cvar_num("team_game") == 1)
			{
				client_print(var7, 3, " *** 对不起，社团大战时【富翁卡】无法使用 ***");
			}
			if (g_var28 > 1)
			{
				client_print(var7, 3, " *** 您拥有道具【富翁卡】，金钱变为16000 ***");
				cs_set_user_money(var7, 16000, 1);
			}
			client_print(var7, 3, " *** 对不起，【富翁卡】在游戏前两局无法使用 ***");
		}
		var7++;
	}
	new var8 = 0;
	new var9 = 0;
	new var10 = 0;
	new var11 = 0;
	get_players(var10, var11, 54096, 42944);
	new var12 = 0;
	while (var12 < var11)
	{
		if (get_user_team(var10[var12], {0}, g_var0) == 1)
		{
			var8++;
		}
		else
		{
			if (get_user_team(var10[var12], {0}, g_var0) == 2)
			{
				var9++;
			}
		}
		var12++;
	}
	if (1 < var8 - var9)
	{
		new var13;
		var13 = var8 - var9 + 1 / 2;
		new var14 = 0;
		while (var14 < var11 && var13 > 0)
		{
			new var15;
			var15 = var10[var14];
			new var4;
			if (!572[var15] && get_user_team(var15, {0}, g_var0) == 1)
			{
				new var16 = 0;
				new var17 = 0;
				get_user_name(var15, var16, 31);
				format(var17, 255, "\x03%s \x01被自动平衡至 \x04反恐精英", var16);
				message_begin(2, g_var884c, {0,0,0}, g_var0);
				write_byte(var15);
				write_string(var17);
				message_end();
				new var18 = 0;
				new var19 = 0;
				var18 = random_num(1, g_var4);
				switch (var18)
				{
					case 1:
					{
						var19 = 1;
					}
					case 2:
					{
						var19 = 5;
					}
					case 3:
					{
						var19 = 6;
					}
					case 4:
					{
						var19 = 7;
					}
					default:
					{
					}
				}
				cs_set_user_team(var15, 2, var19);
				var13--;
			}
			var14++;
		}
	}
	else
	{
		if (1 < var9 - var8)
		{
			new var20;
			var20 = var9 - var8 + 1 / 2;
			new var21 = 0;
			while (var21 < var11 && var20 > 0)
			{
				new var22;
				var22 = var10[var21];
				new var6;
				if (!572[var22] && get_user_team(var22, {0}, g_var0) == 2)
				{
					new var23 = 0;
					new var24 = 0;
					get_user_name(var22, var23, 31);
					format(var24, 255, "\x03%s \x01被自动平衡至 \x04恐怖分子", var23);
					message_begin(2, g_var884c, {0,0,0}, g_var0);
					write_byte(var22);
					write_string(var24);
					message_end();
					new var25 = 0;
					new var26 = 0;
					var25 = random_num(1, g_var4);
					switch (var25)
					{
						case 1:
						{
							var26 = 2;
						}
						case 2:
						{
							var26 = 3;
						}
						case 3:
						{
							var26 = 4;
						}
						case 4:
						{
							var26 = 8;
						}
						default:
						{
						}
					}
					cs_set_user_team(var22, 1, var26);
					var20--;
				}
				var21++;
			}
		}
	}
	return 0;
}

public eventEndRound()
{
	remove_task(6188, g_var0);
	remove_task(6199, g_var0);
	if (get_cvar_num("team_game") == 0)
	{
		set_task(1083598438, "endround", g_var0, {0}, g_var0, {0}, g_var0);
	}
	return 0;
}

public faceshow(_arg0, _arg1, _arg2)
{
	message_begin(2, 23, {0,0,0}, g_var0);
	write_byte(124);
	write_byte(_arg0);
	write_coord(64);
	write_short(_arg1);
	write_short(200);
	message_end();
	new var1 = 0;
	new var2 = 0;
	get_user_name(_arg0, var1, 31);
	format(var2, 255, "\x03%s \x01使用\x04【表情卡】\x01发出了表情秀:\x04 %s", var1, _arg2);
	message_begin(2, g_var884c, {0,0,0}, g_var0);
	write_byte(_arg0);
	write_string(var2);
	message_end();
	return 0;
}


/* ERROR! null */
 function "getusertools" (number 24)

public giveass(_arg0)
{
	new var1;
	var1 = _arg0;
	if (!is_user_connected(var1))
	{
		return 1;
	}
	client_print(var1, 3, " *** 您是迪酷VIP，获得防弹衣+头盔一套！ ***");
	give_item(var1, "item_assaultsuit");
	return 0;
}

public jointeam(_arg0)
{
	new var1;
	var1 = get_gametime();
	if (0 < 35440[_arg0])
	{
		client_print(_arg0, 3, "*** 您按的太快了，请休息%d秒再选择队伍 ***", 35440[_arg0]);
		return 1;
	}
	if (sub_154(floatsub(var1, 34912[_arg0]), 1065353216))
	{
		client_print(_arg0, 3, "*** 您按的太快了，请休息20秒再选择队伍 ***");
		35440[_arg0] = 20;
		return 1;
	}
	34912[_arg0] = 34912[_arg0][1];
	34912[_arg0][1] = 34912[_arg0][2];
	34912[_arg0][2] = var1;
	return 0;
}

public plugin_init()
{
	register_plugin("Dcoo Tools", "0.1", "CRaZy");
	register_event("RoundTime", "eNewRound", "bc", {0});
	register_event("DeathMsg", "eDeathMsg", 40588, {0});
	g_var884c = get_user_msgid("SayText");
	register_event("TextMsg", "eRestart", 40696, "2&#Game_C", "2&#Game_w");
	register_event("TextMsg", "team_join", 40856, "1=1", "2&Game_join_te", "2&Game_join_ct");
	register_event("SendAudio", "eventEndRound", 41096, "2=%!MRAD_terwin", "2=%!MRAD_ctwin", "2=%!MRAD_rounddraw");
	register_clcmd("say tools", "cmdToolsMenu", -1, {0});
	register_menucmd(register_menuid("Tools_Menu", g_var0), 1023, "actionToolsMenu");
	register_menucmd(register_menuid("Team_Menu", g_var0), 1023, "actionTeamMenu");
	register_menucmd(register_menuid("Face_Menu", g_var0), 1023, "actionFaceMenu");
	register_menucmd(register_menuid("Fool_Menu", g_var0), 1023, "actionFoolMenu");
	register_menucmd(register_menuid("Team_Select", 1), "", "jointeam");
	register_clcmd("jointeam", "jointeam", -1, {0});
	register_clcmd("chooseteam", "chooseteam", -1, {0});
	set_task(1065353216, "timeless", 45645, 42088, g_var0, 42092, g_var0);
	set_cvar_num("mp_autoteambalance", g_var0);
	register_cvar("team_game", 42216, g_var0, g_var0);
	sql_conn();
	return 0;
}

public plugin_precache()
{
	g_var0 = precache_model("dcoo/dcoo_xmas_box1.spr");
	g_var4 = precache_model("dcoo/dcoo_xmas_box2.spr");
	g_var8850 = precache_model("dcoo/dcoo_haha.spr");
	g_var8854 = precache_model("dcoo/dcoo_5555.spr");
	g_var8858 = precache_model("dcoo/dcoo_7456.spr");
	g_var885c = precache_model("dcoo/dcoo_maya.spr");
	precache_sound("ambience/lv5.wav");
	g_var8af8 = precache_model("dcoo/dcoo_goldbig.spr");
	return 0;
}

public resetSpawn(_arg0)
{
	if (!is_user_connected(_arg0))
	{
		return 1;
	}
	new var2;
	var2 = get_user_flags(_arg0, g_var0);
	new var1;
	if (var2 & 2 != 0 && var2 & 8 == 0 && g_var28 > 1)
	{
		new var3 = 0;
		var3 = _arg0;
		set_task(floatadd(1045220557, sub_8c(1036831949, _arg0)), "giveass", g_var0, var3, 1, {0}, g_var0);
	}
	return 0;
}

public show_box1()
{
	message_begin(2, 23, {0,0,0}, g_var0);
	write_byte(17);
	write_coord(8/* ERROR unknown load Constant */);
	write_coord(8 + 4/* ERROR unknown load Binary */);
	write_coord(8 + 8/* ERROR unknown load Binary */ + 20);
	write_short(g_var0);
	write_byte(g_var4);
	write_byte(80);
	message_end();
	return 0;
}

public show_box2()
{
	message_begin(2, 23, {0,0,0}, g_var0);
	write_byte(17);
	write_coord(8/* ERROR unknown load Constant */);
	write_coord(8 + 4/* ERROR unknown load Binary */);
	write_coord(8 + 8/* ERROR unknown load Binary */ + 20);
	write_short(g_var4);
	write_byte(g_var4);
	write_byte(80);
	message_end();
	return 0;
}

public sql_conn()
{
	new var1 = 0;
	new var2 = 0;
	new var3 = 0;
	new var4 = 0;
	get_cvar_string("amx_sql_host", var1, 63);
	get_cvar_string("amx_sql_user", var2, 31);
	get_cvar_string("amx_sql_pass", var3, 31);
	get_cvar_string("amx_sql_db", var4, 127);
	g_var24 = dbi_connect(var1, var2, var3, var4, _unused_temp_, 127);
	if (0 >= g_var24)
	{
		set_task(1073741824, "changemap", g_var0, {0}, g_var0, {0}, g_var0);
	}
	return 0;
}

public startstar(_arg0)
{
	new var1;
	var1 = _arg0;
	if (!is_user_alive(var1))
	{
		return 1;
	}
	308[var1] = 1;
	client_print(var1, 3, " *** 您拥有道具【明星卡】，尽情的跳起来吧 ***");
	emit_sound(var1, 2, "ambience/lv5.wav", 1065353216, 1061997773, g_var0, 100);
	new var2 = 0;
	var2 = var1;
	new var3;
	var3 = cs_get_user_team(var1);
	if (var3 == 2)
	{
		set_user_rendering(var1, "", g_var0, g_var0, 255, 1, 255);
	}
	else
	{
		if (var3 == 1)
		{
			set_user_rendering(var1, "", 255, g_var0, g_var0, 1, 255);
		}
	}
	set_task(1097859072, "stopwav", var1 + 33658, var2, 1, {0}, g_var0);
	return 0;
}

public stopwav(_arg0)
{
	new var1;
	var1 = _arg0;
	if (!is_user_connected(var1))
	{
		return 1;
	}
	emit_sound(var1, 2, "ambience/lv5.wav", g_var0, 1061997773, g_var20, 100);
	set_user_rendering(var1, "", g_var0, g_var0, g_var0, 1, 255);
	return 0;
}

public taskBox()
{
	8/* ERROR unknown load Constant */ = 20/* ERROR unknown load Constant */;
	8 + 4/* ERROR unknown load Binary */ = 20 + 4/* ERROR unknown load Binary */;
	8 + 8/* ERROR unknown load Binary */ = 20 + 8/* ERROR unknown load Binary */;
	set_task(1073741824, "show_box1", 6188, 43368, g_var0, 43372, g_var0);
	set_task(1056964608, "check_box", 6199, 43420, g_var0, 43424, g_var0);
	return 0;
}

public team_join()
{
	new var1 = 0;
	read_data(3, var1, 31);
	new var2;
	var2 = get_user_index(var1);
	if (!is_user_connected(var2))
	{
		return 0;
	}
	308[var2] = 0;
	return 0;
}

public timeless()
{
	new var2 = 0;
	while (var2 < 33)
	{
		if (0 < 35440[var2])
		{
			35440[var2]--;
		}
		new var1;
		if (35580[var2] > 0 && is_user_alive(var2))
		{
			message_begin(2, 23, {0,0,0}, g_var0);
			write_byte(124);
			write_byte(var2);
			write_coord(64);
			write_short(g_var8af8);
			write_short(11);
			message_end();
			35580[var2]--;
		}
		var2++;
	}
	return 0;
}

sub_380(_arg0, _arg1)
{
	if (_arg1 == 16777216)
	{
		return sub_2a4(_arg0);
	}
	return _arg1 & get_user_flags(_arg0, g_var0);
}

sub_154(_arg0, _arg1)
{
	return 0 > floatcmp(_arg0, _arg1);
}

sub_8c(_arg0, _arg1)
{
	return floatmul(_arg0, float(_arg1));
}

sub_2a4(_arg0)
{
	new var1;
	return get_user_flags(_arg0, g_var0) > 0 && !get_user_flags(_arg0, g_var0) & 33554432;
}

