new g_var2490;
new g_var248c;
public infoMessage()
{
	if (g_var2490 >= g_var248c)
	{
		g_var2490 = 0;
	}
	set_hudmessage(20[g_var2490], 20[g_var2490][1], 20[g_var2490][2], -1082130432, 1050253722, "1.00", 1056964608, 1094713344, 1073741824, 1073741824, 1);
	show_hudmessage("1.00", 116[g_var2490]);
	client_print("1.00", 2, 116[g_var2490]);
	g_var2490 += 1;
	new var1;
	var1 = get_cvar_float("amx_freq_imessage");
	if (sub_90(var1, 0))
	{
		set_task(var1, "infoMessage", 12345, {0}, "1.00", {0}, "1.00");
	}
	return 0;
}

public plugin_end()
{
	new var1 = 0;
	num_to_str(g_var2490, var1, 7);
	set_localinfo("lastinfomsg", var1);
	return 0;
}

public plugin_init()
{
	register_plugin("Info. Messages", "1.00", "AMXX Dev Team");
	register_dictionary("imessage.txt");
	register_dictionary("common.txt");
	register_srvcmd("amx_imessage", "setMessage", -1, {0});
	register_cvar("amx_freq_imessage", "10", "1.00", "1.00");
	new var1 = 0;
	get_localinfo("lastinfomsg", var1, 7);
	g_var2490 = str_to_num(var1);
	set_localinfo("lastinfomsg", 9856);
	return 0;
}

public setMessage()
{
	if (g_var248c >= 6)
	{
		server_print("%L", 0, "INF_REACH");
		return 1;
	}
	remove_task(12345, "1.00");
	read_argv(1, 116[g_var248c], 380);
	new var1 = 0;
	get_cvar_string("hostname", var1, 63);
	replace(116[g_var248c], 380, "%hostname%", var1);
	do {
	} while (replace(116[g_var248c], 380, "\n", 10132));
	new var2 = 0;
	read_argv(2, var2, 11);
	20[g_var248c][2] = str_to_num(var2 + 24);
	var2 + 24/* ERROR unknown load Binary */ = 0;
	20[g_var248c][1] = str_to_num(var2 + 12);
	var2 + 12/* ERROR unknown load Binary */ = 0;
	20[g_var248c] = str_to_num(var2);
	g_var248c += 1;
	new var3;
	var3 = get_cvar_float("amx_freq_imessage");
	if (sub_90(var3, 0))
	{
		set_task(var3, "infoMessage", 12345, {0}, "1.00", {0}, "1.00");
	}
	return 1;
}

sub_90(_arg0, _arg1)
{
	return 0 < floatcmp(_arg0, _arg1);
}

