new g_var15ac;
public OPonline()
{
	new var1 = 0;
	new var2 = 0;
	new var3 = 0;
	new var4 = 0;
	get_players(var1, var2, 15452, 15456);
	new var5 = 0;
	while (var5 < var2)
	{
		var4 = get_user_flags(var1[var5], "%L");
		if (var4 & 4)
		{
			var3++;
		}
		var5++;
	}
	return var3;
}

public actionReportMenu(_arg0, _arg1)
{
	switch (_arg1)
	{
		case 7:
		{
			4816[_arg0]++;
			4816[_arg0] %= 6;
			displayReportMenu(_arg0, 196[_arg0]);
		}
		case 8:
		{
			new var2 = 196[_arg0];
			var2++;
			displayReportMenu(_arg0, var2);
		}
		case 9:
		{
			new var1 = 196[_arg0];
			var1--;
			displayReportMenu(_arg0, var1);
		}
		default:
		{
			new var3;
			var3 = 328[_arg0][_arg1 + 196[_arg0] * 7];
			new var4 = 0;
			get_user_name(var3, var4, 31);
			new var5 = 0;
			get_user_name(_arg0, var5, 31);
			log_amx("\"%s<%d>\" Report \"%s<%d>\", Reason:%d", var5, get_user_userid(_arg0), var4, get_user_userid(var3), 4816[_arg0]);
			if (OPonline())
			{
				sreport(_arg0, var3, 4816[_arg0]);
				client_print(_arg0, 3, "您的投诉信息已发送给当前在线OP！");
				set_hudmessage(_arg0, 255, "%L", -1082130432, 1060320051, "%L", 1056964608, 1092616192, 1036831949, 1073741824, "%L");
				show_hudmessage(_arg0, "您的投诉信息已发送给当前在线OP！");
			}
			else
			{
				report(_arg0, var3, 4816[_arg0]);
				client_print(_arg0, 3, "服务器暂无OP在线，您的投诉信息已发送给值班OP！");
				set_hudmessage(_arg0, 255, "%L", -1082130432, 1060320051, "%L", 1056964608, 1092616192, 1036831949, 1073741824, "%L");
				show_hudmessage(_arg0, "服务器暂无OP在线，您的投诉信息已发送给值班OP！");
			}
		}
	}
	return 1;
}

public cmdReportMenu(_arg0, _arg1, _arg2)
{
	if (!sub_208(_arg0, _arg1, _arg2, 1))
	{
		return 1;
	}
	4816[_arg0] = 0;
	196[_arg0] = 0;
	displayReportMenu(_arg0, 0);
	return 1;
}

public displayReportMenu(_arg0, _arg1)
{
	if (0 > _arg1)
	{
		return 0;
	}
	get_players(328[_arg0], 4684[_arg0], 15452, 15456);
	new var6 = 0;
	new var7 = 0;
	new var8 = 0;
	new var9 = 0;
	new var10 = 0;
	new var11;
	var11 = _arg1 * 7;
	if (4684[_arg0] <= var11)
	{
		196[_arg0] = 0;
		_arg1 = 0;
		var11 = 0;
	}
	new var12;
	new var1;
	if (4684[_arg0] % 7)
	{
		var1 = 1;
	}
	else
	{
		var1 = 0;
	}
	new var2;
	if (g_var15ac)
	{
		var2 = 15500;
	}
	else
	{
		var2 = 15564;
	}
	var12 = format(var6, 511, var2, "Dcoo在线投诉系统 [请勿恶意投诉，否则重罚]", _arg1 + 1, var1 + 4684[_arg0] / 7);
	new var13;
	var13 = var11 + 7;
	new var14 = 640;
	if (4684[_arg0] < var13)
	{
		var13 = 4684[_arg0];
	}
	new var15;
	var15 = var11;
	while (var15 < var13)
	{
		var8 = 328[_arg0][var15];
		get_user_name(var8, var9, 31);
		get_user_team(var8, var10, 3);
		var14 = 1 << var7 | var14;
		var7++;
		new var3;
		if (g_var15ac)
		{
			var3 = 15844;
		}
		else
		{
			var3 = 15908;
		}
		var12 = format(var6[var12], 511 - var12, var3, var7, var9, var10) + var12;
		var15++;
	}
	var12 = format(var6[var12], 511 - var12, "\n8. 原因: %s\n", 4948[4816[_arg0]]) + var12;
	if (4684[_arg0] != var13)
	{
		new var4;
		if (_arg1)
		{
			var4 = 16104;
		}
		else
		{
			var4 = 16124;
		}
		format(var6[var12], 511 - var12, "\n9. %L...\n0. %L", _arg0, "MORE", _arg0, var4);
		var14 |= 256;
	}
	else
	{
		new var5;
		if (_arg1)
		{
			var5 = 16172;
		}
		else
		{
			var5 = 16192;
		}
		format(var6[var12], 511 - var12, "\n0. %L", _arg0, var5);
	}
	show_menu(_arg0, var14, var6, -1, "Report Menu");
	return 0;
}

public plugin_init()
{
	register_plugin("Online Report", "0.2", "CRaZy");
	register_clcmd("say /tousu", "cmdReportMenu", -1, {0});
	register_menucmd(register_menuid("Report Menu", "%L"), 1023, "actionReportMenu");
	g_var15ac = sub_6b0();
	return 0;
}

public report(_arg0, _arg1, _arg2)
{
	new var2 = 0;
	new var3 = 0;
	new var4 = 0;
	new var5 = 0;
	get_cvar_string("hostname", var2, 63);
	get_user_name(_arg0, var4, 31);
	get_user_name(_arg1, var5, 31);
	new var1;
	if (5552[_arg1] == -1 || !equal(5684[_arg1], var5, "%L"))
	{
		5552[_arg1] = _arg0;
		format(5684[_arg1], 32, "%s", var5);
		format(10172[_arg1], 32, "%s", var4);
	}
	else
	{
		if (_arg0 == 5552[_arg1])
		{
			return 0;
		}
		format(var3, 127, "%s+{ENTER}  %s %s +{ENTER}  投诉人：%s 和 %s", var2, var5, 4948[_arg2], 10172[_arg1], var4);
		new var6;
		var6 = socket_open("125.64.92.36", 9999, 2, _unused_temp_);
		socket_send(var6, var3, strlen(var3));
		socket_close(var6);
		5552[_arg1] = -1;
	}
	return 0;
}

public sreport(_arg0, _arg1, _arg2)
{
	new var1 = 0;
	new var2 = 0;
	new var3 = 0;
	new var4 = 0;
	get_user_name(_arg0, var2, 31);
	get_user_name(_arg1, var3, 31);
	format(var1, 127, "【玩家投诉】%s %s，投诉人：%s", var3, 4948[_arg2], var2);
	new var5 = 0;
	new var6 = 0;
	get_players(var5, var6, 15452, 15456);
	new var7 = 0;
	while (var7 < var6)
	{
		var4 = get_user_flags(var5[var7], "%L");
		if (var4 & 4)
		{
			client_print(var5[var7], 3, "%s", var1);
			client_print(var5[var7], 4, "%s", var1);
			client_print(var5[var7], 1, "%s\n", var1);
			set_hudmessage(var5[var7], 255, "%L", -1082130432, 1060320051, "%L", 1056964608, 1114636288, 1036831949, 1073741824, "%L");
			show_hudmessage(var5[var7], var1);
		}
		var7++;
	}
	return 0;
}

sub_208(_arg0, _arg1, _arg2, _arg3)
{
	new var2 = 0;
	new var1;
	if (is_dedicated_server())
	{
		var1 = 0;
	}
	else
	{
		var1 = 1;
	}
	if (var1 == _arg0)
	{
		var2 = 1;
	}
	else
	{
		if (_arg1 == 16777216)
		{
			if (sub_128(_arg0))
			{
				var2 = 1;
			}
		}
		if (_arg1 & get_user_flags(_arg0, "%L"))
		{
			var2 = 1;
		}
		if (_arg1 == 0)
		{
			var2 = 1;
		}
	}
	if (var2 == 0)
	{
		console_print(_arg0, "%L", _arg0, "NO_ACC_COM");
		return 0;
	}
	if (_arg3 > read_argc())
	{
		new var3 = 0;
		new var4 = 0;
		get_concmd(_arg2, var3, 31, _unused_temp_, var4, 127, _arg1, -1);
		console_print(_arg0, "%L:  %s %s", _arg0, "USAGE", var3, var4);
		return 0;
	}
	return 1;
}

sub_6b0()
{
	new var2 = 0;
	get_modname(var2, 31);
	new var1;
	return equal(var2, "cstrike", "%L") || equal(var2, "czero", "%L") || equal(var2, "dod", "%L");
}

sub_128(_arg0)
{
	new var1;
	return get_user_flags(_arg0, "%L") > 0 && !get_user_flags(_arg0, "%L") & 33554432;
}

